./tests/resources/find/inputs/a/b/b.csv
./tests/resources/find/inputs/a/b/c/c.mp3
./tests/resources/find/inputs/d/b.csv
./tests/resources/find/inputs/d/e/e.mp3
./tests/resources/find/inputs/g.csv
