./tests/resources/find/inputs/a
./tests/resources/find/inputs/a/a.txt
