./tests/resources/find/inputs/a/b/b.csv
./tests/resources/find/inputs/d/b.csv
./tests/resources/find/inputs/g.csv
