./tests/resources/find/inputs/a/a.txt
./tests/resources/find/inputs/d/d.txt
