./tests/resources/find/inputs/d
./tests/resources/find/inputs/d/e
