==> ./tests/resources/tail/inputs/twelve.txt <==

three
four
five
six
seven
eight
nine
ten
eleven
twelve

==> ./tests/resources/tail/inputs/empty.txt <==

==> ./tests/resources/tail/inputs/one.txt <==
ne, four wordÅ›.

==> ./tests/resources/tail/inputs/three.txt <==
lines,
four words.

==> ./tests/resources/tail/inputs/two.txt <==
es.
Four words.
