==> ./tests/resources/tail/inputs/twelve.txt <==
even
twelve

==> ./tests/resources/tail/inputs/empty.txt <==

==> ./tests/resources/tail/inputs/one.txt <==
our wordÅ›.

==> ./tests/resources/tail/inputs/three.txt <==
four words.

==> ./tests/resources/tail/inputs/two.txt <==
Four words.
