==> ./tests/resources/tail/inputs/twelve.txt <==

twelve

==> ./tests/resources/tail/inputs/empty.txt <==

==> ./tests/resources/tail/inputs/one.txt <==
wordÅ›.

==> ./tests/resources/tail/inputs/three.txt <==
 words.

==> ./tests/resources/tail/inputs/two.txt <==
 words.
