==> ./tests/resources/tail/inputs/twelve.txt <==

==> ./tests/resources/tail/inputs/empty.txt <==

==> ./tests/resources/tail/inputs/one.txt <==

==> ./tests/resources/tail/inputs/three.txt <==

==> ./tests/resources/tail/inputs/two.txt <==
