==> ./tests/resources/tail/inputs/twelve.txt <==
e
two
three
four
five
six
seven
eight
nine
ten
eleven
twelve

==> ./tests/resources/tail/inputs/empty.txt <==

==> ./tests/resources/tail/inputs/one.txt <==
ne line, four wordÅ›.

==> ./tests/resources/tail/inputs/two.txt <==
o lines.
Four words.
