       0       0 ./tests/resources/wc/inputs/empty.txt
       9      48 ./tests/resources/wc/inputs/fox.txt
      29     173 ./tests/resources/wc/inputs/atlamal.txt
      38     221 total
