       0       0 ./tests/resources/wc/inputs/empty.txt
       9      48 ./tests/resources/wc/inputs/fox.txt
      29     159 ./tests/resources/wc/inputs/atlamal.txt
      38     207 total
