       0       0       0 ./tests/resources/wc/inputs/empty.txt
       1       9      48 ./tests/resources/wc/inputs/fox.txt
       4      29     173 ./tests/resources/wc/inputs/atlamal.txt
       5      38     221 total
