       0 ./tests/resources/wc/inputs/empty.txt
       9 ./tests/resources/wc/inputs/fox.txt
      29 ./tests/resources/wc/inputs/atlamal.txt
      38 total
