       0       0 ./tests/resources/wc/inputs/empty.txt
       1      48 ./tests/resources/wc/inputs/fox.txt
       4     159 ./tests/resources/wc/inputs/atlamal.txt
       5     207 total
