       0 ./tests/resources/wc/inputs/empty.txt
      48 ./tests/resources/wc/inputs/fox.txt
     173 ./tests/resources/wc/inputs/atlamal.txt
     221 total
