       4      29     159 ./tests/resources/wc/inputs/atlamal.txt
