       4     173 ./tests/resources/wc/inputs/atlamal.txt
