       4      29     173 ./tests/resources/wc/inputs/atlamal.txt
