       4      29 ./tests/resources/wc/inputs/atlamal.txt
