       0       0 ./tests/resources/wc/inputs/empty.txt
