       1       9      48 ./tests/resources/wc/inputs/fox.txt
