       1       9 ./tests/resources/wc/inputs/fox.txt
