       1      48 ./tests/resources/wc/inputs/fox.txt
