==> ./tests/resources/head/inputs/empty.txt <==

==> ./tests/resources/head/inputs/one.txt <==
Ã–ne
==> ./tests/resources/head/inputs/two.txt <==
Two 
==> ./tests/resources/head/inputs/three.txt <==
Thre
==> ./tests/resources/head/inputs/twelve.txt <==
one
