==> ./tests/resources/head/inputs/empty.txt <==

==> ./tests/resources/head/inputs/one.txt <==
Ã–ne line, four words.

==> ./tests/resources/head/inputs/two.txt <==
Two lines.
Four words.

==> ./tests/resources/head/inputs/three.txt <==
Three
lines,
four words.

==> ./tests/resources/head/inputs/twelve.txt <==
one
two
three
four
five
six
seven
eight
nine
ten
