==> ./tests/resources/head/inputs/empty.txt <==

==> ./tests/resources/head/inputs/one.txt <==
ï¿½
==> ./tests/resources/head/inputs/two.txt <==
T
==> ./tests/resources/head/inputs/three.txt <==
T
==> ./tests/resources/head/inputs/twelve.txt <==
o