==> ./tests/resources/head/inputs/empty.txt <==

==> ./tests/resources/head/inputs/one.txt <==
Ã–
==> ./tests/resources/head/inputs/two.txt <==
Tw
==> ./tests/resources/head/inputs/three.txt <==
Th
==> ./tests/resources/head/inputs/twelve.txt <==
on